{
    "versions": {
        "content": [
            [
                "versions.yml:md5,978f7f625274870d4e9dd7d737845e31"
            ]
        ],
        "meta": {
            "nf-test": "0.9.2",
            "nextflow": "24.10.5"
        },
        "timestamp": "2025-03-25T10:44:54.619281"
    }
}